// Jest Snapshot v1, https://goo.gl/fbAQLP

exports[`renders without crashing 1`] = `
<div>
  <input
    checked={false}
    onClick={[Function]}
    type="radio"
  />
  Sum
  <br />
  <input
    checked={false}
    onClick={[Function]}
    type="radio"
  />
  Multiply
  <br />
  <br />
  Result: 0
</div>
`;
